Uppercased ASCII: 🦀🦮🐩’
Length in bytes: 15
Number of Codepoints: 4
Bytes per code point: 4 4 4 3 